******************************************************************************
                  TI ARM Linker PC v18.1.4                     
******************************************************************************
>> Linked Sat Feb  2 17:03:20 2019

OUTPUT FILE NAME:   <Traffic_Light.out>
ENTRY POINT SYMBOL: "_c_int00_noargs"  address: 000007cd


MEMORY CONFIGURATION

         name            origin    length      used     unused   attr    fill
----------------------  --------  ---------  --------  --------  ----  --------
  MAIN                  00000000   00040000  00000870  0003f790  R  X
  INFO                  00200000   00004000  00000000  00004000  R  X
  SRAM_CODE             01000000   00010000  00000214  0000fdec  RW X
  SRAM_DATA             20000000   00010000  00000214  0000fdec  RW  


SEGMENT ALLOCATION MAP

run origin  load origin   length   init length attrs members
----------  ----------- ---------- ----------- ----- -------
00000000    00000000    00000870   00000870    r-x
  00000000    00000000    000000e4   000000e4    r-- .intvecs
  000000e4    000000e4    00000756   00000756    r-x .text
  0000083a    0000083a    00000006   00000006    r-- .const
  00000840    00000840    00000030   00000030    r-- .cinit
20000000    20000000    00000014   00000000    rw-
  20000000    20000000    00000010   00000000    rw- .data
  20000010    20000010    00000004   00000000    rw- .bss
2000fe00    2000fe00    00000200   00000000    rw-
  2000fe00    2000fe00    00000200   00000000    rw- .stack


SECTION ALLOCATION MAP

 output                                  attributes/
section   page    origin      length       input sections
--------  ----  ----------  ----------   ----------------
.intvecs   0    00000000    000000e4     
                  00000000    000000e4     startup_msp432p401r_ccs.obj (.intvecs:retain)

.text      0    000000e4    00000756     
                  000000e4    00000334     system_msp432p401r.obj (.text)
                  00000418    000001dc     main.obj (.text)
                  000005f4    0000009c     rtsv7M4_T_le_v4SPD16_eabi.lib : memcpy_t2.asm.obj (.text)
                  00000690    00000090     initialize.obj (.text)
                  00000720    00000068     rtsv7M4_T_le_v4SPD16_eabi.lib : copy_decompress_lzss.c.obj (.text:decompress:lzss:__TI_decompress_lzss)
                  00000788    00000044                                   : autoinit.c.obj (.text:__TI_auto_init_nobinit_nopinit:__TI_auto_init_nobinit_nopinit)
                  000007cc    00000038                                   : boot_cortex_m.c.obj (.text:_c_int00_noargs:_c_int00_noargs)
                  00000804    00000012                                   : copy_zero_init.c.obj (.text:decompress:ZI:__TI_zero_init_nomemset:__TI_zero_init_nomemset)
                  00000816    0000000e                                   : copy_decompress_none.c.obj (.text:decompress:none:__TI_decompress_none)
                  00000824    0000000e     startup_msp432p401r_ccs.obj (.text)
                  00000832    00000004     rtsv7M4_T_le_v4SPD16_eabi.lib : pre_init.c.obj (.text:_system_pre_init)
                  00000836    00000004                                   : exit.c.obj (.text:abort:abort)

.const     0    0000083a    00000006     
                  0000083a    00000006     main.obj (.const:$P$T0$1)

.cinit     0    00000840    00000030     
                  00000840    0000000c     (__TI_handler_table)
                  0000084c    0000000b     (.cinit..data.load) [load image, compression = lzss]
                  00000857    00000001     --HOLE-- [fill = 0]
                  00000858    00000008     (.cinit..bss.load) [load image, compression = zero_init]
                  00000860    00000010     (__TI_cinit_table)

.init_array 
*          0    00000000    00000000     UNINITIALIZED

.binit     0    00000000    00000000     

.data      0    20000000    00000010     UNINITIALIZED
                  20000000    0000000c     main.obj (.data)
                  2000000c    00000004     system_msp432p401r.obj (.data)

.bss       0    20000010    00000004     UNINITIALIZED
                  20000010    00000004     (.common:count_delay)

.stack     0    2000fe00    00000200     UNINITIALIZED
                  2000fe00    00000004     rtsv7M4_T_le_v4SPD16_eabi.lib : boot_cortex_m.c.obj (.stack)
                  2000fe04    000001fc     --HOLE--

MODULE SUMMARY

       Module                        code   ro data   rw data
       ------                        ----   -------   -------
    .\
       system_msp432p401r.obj        820    0         8      
       main.obj                      476    6         32     
       startup_msp432p401r_ccs.obj   14     228       0      
       initialize.obj                144    0         0      
    +--+-----------------------------+------+---------+---------+
       Total:                        1454   234       40     
                                                             
    C:\ti\ccsv8\tools\compiler\ti-cgt-arm_18.1.4.LTS\lib\rtsv7M4_T_le_v4SPD16_eabi.lib
       memcpy_t2.asm.obj             156    0         0      
       copy_decompress_lzss.c.obj    104    0         0      
       autoinit.c.obj                68     0         0      
       boot_cortex_m.c.obj           56     0         0      
       copy_zero_init.c.obj          18     0         0      
       copy_decompress_none.c.obj    14     0         0      
       exit.c.obj                    4      0         0      
       pre_init.c.obj                4      0         0      
    +--+-----------------------------+------+---------+---------+
       Total:                        424    0         0      
                                                             
       Stack:                        0      0         1024   
       Linker Generated:             0      47        0      
    +--+-----------------------------+------+---------+---------+
       Grand Total:                  1878   281       1064   


LINKER GENERATED COPY TABLES

__TI_cinit_table @ 00000860 records: 2, size/record: 8, table size: 16
	.data: load addr=0000084c, load size=0000000b bytes, run addr=20000000, run size=00000010 bytes, compression=lzss
	.bss: load addr=00000858, load size=00000008 bytes, run addr=20000010, run size=00000004 bytes, compression=zero_init


LINKER GENERATED HANDLER TABLE

__TI_handler_table @ 00000840 records: 3, size/record: 4, table size: 12
	index: 0, handler: __TI_decompress_lzss
	index: 1, handler: __TI_decompress_none
	index: 2, handler: __TI_zero_init


GLOBAL SYMBOLS: SORTED ALPHABETICALLY BY Name 

address   name                          
-------   ----                          
00000831  ADC14_IRQHandler              
00000831  AES256_IRQHandler             
00000831  BusFault_Handler              
00000837  C$$EXIT                       
00000831  COMP_E0_IRQHandler            
00000831  COMP_E1_IRQHandler            
00000831  CS_IRQHandler                 
00000831  DMA_ERR_IRQHandler            
00000831  DMA_INT0_IRQHandler           
00000831  DMA_INT1_IRQHandler           
00000831  DMA_INT2_IRQHandler           
00000831  DMA_INT3_IRQHandler           
00000831  DebugMon_Handler              
00000831  Default_Handler               
00000831  EUSCIA0_IRQHandler            
00000831  EUSCIA1_IRQHandler            
00000831  EUSCIA2_IRQHandler            
00000831  EUSCIA3_IRQHandler            
00000831  EUSCIB0_IRQHandler            
00000831  EUSCIB1_IRQHandler            
00000831  EUSCIB2_IRQHandler            
00000831  EUSCIB3_IRQHandler            
00000831  FLCTL_IRQHandler              
00000831  FPU_IRQHandler                
00000831  HardFault_Handler             
00000831  MemManage_Handler             
00000831  NMI_Handler                   
00000831  PCM_IRQHandler                
000004c5  PORT1_IRQHandler              
000004c5  PORT1_IRQHandler              
00000831  PORT2_IRQHandler              
00000831  PORT3_IRQHandler              
00000831  PORT4_IRQHandler              
00000831  PORT5_IRQHandler              
00000831  PORT6_IRQHandler              
00000831  PSS_IRQHandler                
00000831  PendSV_Handler                
00000831  RTC_C_IRQHandler              
00000825  Reset_Handler                 
00000831  SVC_Handler                   
00000831  SysTick_Handler               
2000000c  SystemCoreClock               
000000e5  SystemCoreClockUpdate         
0000035d  SystemInit                    
00000831  T32_INT1_IRQHandler           
00000831  T32_INT2_IRQHandler           
00000831  T32_INTC_IRQHandler           
000004e9  TA0_0_IRQHandler              
000004e9  TA0_0_IRQHandler              
00000831  TA0_N_IRQHandler              
00000831  TA1_0_IRQHandler              
00000831  TA1_N_IRQHandler              
00000831  TA2_0_IRQHandler              
00000831  TA2_N_IRQHandler              
00000831  TA3_0_IRQHandler              
00000831  TA3_N_IRQHandler              
00000831  UsageFault_Handler            
4000480c  WDTCTL_SYM                    
00000831  WDT_A_IRQHandler              
20010000  __STACK_END                   
00000200  __STACK_SIZE                  
00000860  __TI_CINIT_Base               
00000870  __TI_CINIT_Limit              
00000840  __TI_Handler_Table_Base       
0000084c  __TI_Handler_Table_Limit      
00000789  __TI_auto_init_nobinit_nopinit
00000721  __TI_decompress_lzss          
00000817  __TI_decompress_none          
ffffffff  __TI_pprof_out_hndl           
ffffffff  __TI_prof_data_size           
ffffffff  __TI_prof_data_start          
00000000  __TI_static_base__            
00000805  __TI_zero_init_nomemset       
000005f5  __aeabi_memcpy                
000005f5  __aeabi_memcpy4               
000005f5  __aeabi_memcpy8               
ffffffff  __binit__                     
ffffffff  __c_args__                    
UNDEFED   __mpu_init                    
2000fe00  __stack                       
000007cd  _c_int00_noargs               
UNDEFED   _system_post_cinit            
00000833  _system_pre_init              
00000837  abort                         
ffffffff  binit                         
20000010  count_delay                   
0000054d  do_nothing                    
20000004  end                           
20000000  input                         
00000000  interruptVectors              
00000419  main                          
000005f5  memcpy                        
0000053f  reset                         
00000593  set_blue                      
00000571  set_green                     
0000054f  set_red                       
000006d9  set_up_clock                  
00000691  set_up_port_1                 
000006b7  set_up_port_2                 
000006c5  set_up_timer_A                


GLOBAL SYMBOLS: SORTED BY Symbol Address 

address   name                          
-------   ----                          
00000000  __TI_static_base__            
00000000  interruptVectors              
000000e5  SystemCoreClockUpdate         
00000200  __STACK_SIZE                  
0000035d  SystemInit                    
00000419  main                          
000004c5  PORT1_IRQHandler              
000004c5  PORT1_IRQHandler              
000004e9  TA0_0_IRQHandler              
000004e9  TA0_0_IRQHandler              
0000053f  reset                         
0000054d  do_nothing                    
0000054f  set_red                       
00000571  set_green                     
00000593  set_blue                      
000005f5  __aeabi_memcpy                
000005f5  __aeabi_memcpy4               
000005f5  __aeabi_memcpy8               
000005f5  memcpy                        
00000691  set_up_port_1                 
000006b7  set_up_port_2                 
000006c5  set_up_timer_A                
000006d9  set_up_clock                  
00000721  __TI_decompress_lzss          
00000789  __TI_auto_init_nobinit_nopinit
000007cd  _c_int00_noargs               
00000805  __TI_zero_init_nomemset       
00000817  __TI_decompress_none          
00000825  Reset_Handler                 
00000831  ADC14_IRQHandler              
00000831  AES256_IRQHandler             
00000831  BusFault_Handler              
00000831  COMP_E0_IRQHandler            
00000831  COMP_E1_IRQHandler            
00000831  CS_IRQHandler                 
00000831  DMA_ERR_IRQHandler            
00000831  DMA_INT0_IRQHandler           
00000831  DMA_INT1_IRQHandler           
00000831  DMA_INT2_IRQHandler           
00000831  DMA_INT3_IRQHandler           
00000831  DebugMon_Handler              
00000831  Default_Handler               
00000831  EUSCIA0_IRQHandler            
00000831  EUSCIA1_IRQHandler            
00000831  EUSCIA2_IRQHandler            
00000831  EUSCIA3_IRQHandler            
00000831  EUSCIB0_IRQHandler            
00000831  EUSCIB1_IRQHandler            
00000831  EUSCIB2_IRQHandler            
00000831  EUSCIB3_IRQHandler            
00000831  FLCTL_IRQHandler              
00000831  FPU_IRQHandler                
00000831  HardFault_Handler             
00000831  MemManage_Handler             
00000831  NMI_Handler                   
00000831  PCM_IRQHandler                
00000831  PORT2_IRQHandler              
00000831  PORT3_IRQHandler              
00000831  PORT4_IRQHandler              
00000831  PORT5_IRQHandler              
00000831  PORT6_IRQHandler              
00000831  PSS_IRQHandler                
00000831  PendSV_Handler                
00000831  RTC_C_IRQHandler              
00000831  SVC_Handler                   
00000831  SysTick_Handler               
00000831  T32_INT1_IRQHandler           
00000831  T32_INT2_IRQHandler           
00000831  T32_INTC_IRQHandler           
00000831  TA0_N_IRQHandler              
00000831  TA1_0_IRQHandler              
00000831  TA1_N_IRQHandler              
00000831  TA2_0_IRQHandler              
00000831  TA2_N_IRQHandler              
00000831  TA3_0_IRQHandler              
00000831  TA3_N_IRQHandler              
00000831  UsageFault_Handler            
00000831  WDT_A_IRQHandler              
00000833  _system_pre_init              
00000837  C$$EXIT                       
00000837  abort                         
00000840  __TI_Handler_Table_Base       
0000084c  __TI_Handler_Table_Limit      
00000860  __TI_CINIT_Base               
00000870  __TI_CINIT_Limit              
20000000  input                         
20000004  end                           
2000000c  SystemCoreClock               
20000010  count_delay                   
2000fe00  __stack                       
20010000  __STACK_END                   
4000480c  WDTCTL_SYM                    
ffffffff  __TI_pprof_out_hndl           
ffffffff  __TI_prof_data_size           
ffffffff  __TI_prof_data_start          
ffffffff  __binit__                     
ffffffff  __c_args__                    
ffffffff  binit                         
UNDEFED   __mpu_init                    
UNDEFED   _system_post_cinit            

[100 symbols]
